172.23.0.1 - - [07/Dec/2023:12:34:16 +0000] "GET /api/accounts HTTP/1.1" 200 3438 "http://localhost:8080/" "Mozilla/5.0 (Macintosh; Intel Mac OS X 10_15_7) AppleWebKit/537.36 (KHTML, like Gecko) Chrome/119.0.0.0 Safari/537.36"
172.23.0.1 - - [07/Dec/2023:12:34:16 +0000] "GET /api/labels HTTP/1.1" 200 2996 "http://localhost:8080/" "Mozilla/5.0 (Macintosh; Intel Mac OS X 10_15_7) AppleWebKit/537.36 (KHTML, like Gecko) Chrome/119.0.0.0 Safari/537.36"
172.23.0.1 - - [07/Dec/2023:12:34:16 +0000] "GET /api/categories HTTP/1.1" 200 13671 "http://localhost:8080/" "Mozilla/5.0 (Macintosh; Intel Mac OS X 10_15_7) AppleWebKit/537.36 (KHTML, like Gecko) Chrome/119.0.0.0 Safari/537.36"
127.0.0.1 - - [07/Dec/2023:12:34:24 +0000] "OPTIONS * HTTP/1.0" 200 126 "-" "Apache/2.4.54 (Debian) PHP/8.2.4RC1 (internal dummy connection)"
172.23.0.1 - - [07/Dec/2023:12:34:42 +0000] "OPTIONS /api/categories HTTP/1.1" 204 440 "http://localhost:8080/" "Mozilla/5.0 (Macintosh; Intel Mac OS X 10_15_7) AppleWebKit/537.36 (KHTML, like Gecko) Chrome/119.0.0.0 Safari/537.36"
172.23.0.1 - - [07/Dec/2023:12:34:42 +0000] "OPTIONS /api/accounts HTTP/1.1" 204 440 "http://localhost:8080/" "Mozilla/5.0 (Macintosh; Intel Mac OS X 10_15_7) AppleWebKit/537.36 (KHTML, like Gecko) Chrome/119.0.0.0 Safari/537.36"
172.23.0.1 - - [07/Dec/2023:12:34:42 +0000] "OPTIONS /api/labels HTTP/1.1" 204 440 "http://localhost:8080/" "Mozilla/5.0 (Macintosh; Intel Mac OS X 10_15_7) AppleWebKit/537.36 (KHTML, like Gecko) Chrome/119.0.0.0 Safari/537.36"
172.23.0.1 - - [07/Dec/2023:12:34:42 +0000] "OPTIONS /api/paymentstype HTTP/1.1" 204 440 "http://localhost:8080/" "Mozilla/5.0 (Macintosh; Intel Mac OS X 10_15_7) AppleWebKit/537.36 (KHTML, like Gecko) Chrome/119.0.0.0 Safari/537.36"
172.23.0.1 - - [07/Dec/2023:12:34:42 +0000] "OPTIONS /api/currencies HTTP/1.1" 204 440 "http://localhost:8080/" "Mozilla/5.0 (Macintosh; Intel Mac OS X 10_15_7) AppleWebKit/537.36 (KHTML, like Gecko) Chrome/119.0.0.0 Safari/537.36"
172.23.0.1 - - [07/Dec/2023:12:34:42 +0000] "OPTIONS /api/model/9 HTTP/1.1" 204 440 "http://localhost:8080/" "Mozilla/5.0 (Macintosh; Intel Mac OS X 10_15_7) AppleWebKit/537.36 (KHTML, like Gecko) Chrome/119.0.0.0 Safari/537.36"
172.23.0.1 - - [07/Dec/2023:12:34:42 +0000] "GET /api/accounts HTTP/1.1" 200 3438 "http://localhost:8080/" "Mozilla/5.0 (Macintosh; Intel Mac OS X 10_15_7) AppleWebKit/537.36 (KHTML, like Gecko) Chrome/119.0.0.0 Safari/537.36"
172.23.0.1 - - [07/Dec/2023:12:34:43 +0000] "GET /api/currencies HTTP/1.1" 200 3306 "http://localhost:8080/" "Mozilla/5.0 (Macintosh; Intel Mac OS X 10_15_7) AppleWebKit/537.36 (KHTML, like Gecko) Chrome/119.0.0.0 Safari/537.36"
172.23.0.1 - - [07/Dec/2023:12:34:43 +0000] "GET /api/paymentstype HTTP/1.1" 200 993 "http://localhost:8080/" "Mozilla/5.0 (Macintosh; Intel Mac OS X 10_15_7) AppleWebKit/537.36 (KHTML, like Gecko) Chrome/119.0.0.0 Safari/537.36"
172.23.0.1 - - [07/Dec/2023:12:34:43 +0000] "GET /api/labels HTTP/1.1" 200 2996 "http://localhost:8080/" "Mozilla/5.0 (Macintosh; Intel Mac OS X 10_15_7) AppleWebKit/537.36 (KHTML, like Gecko) Chrome/119.0.0.0 Safari/537.36"
172.23.0.1 - - [07/Dec/2023:12:34:43 +0000] "GET /api/model/9 HTTP/1.1" 200 901 "http://localhost:8080/" "Mozilla/5.0 (Macintosh; Intel Mac OS X 10_15_7) AppleWebKit/537.36 (KHTML, like Gecko) Chrome/119.0.0.0 Safari/537.36"
172.23.0.1 - - [07/Dec/2023:12:34:42 +0000] "GET /api/categories HTTP/1.1" 200 13671 "http://localhost:8080/" "Mozilla/5.0 (Macintosh; Intel Mac OS X 10_15_7) AppleWebKit/537.36 (KHTML, like Gecko) Chrome/119.0.0.0 Safari/537.36"
127.0.0.1 - - [07/Dec/2023:12:34:50 +0000] "OPTIONS * HTTP/1.0" 200 126 "-" "Apache/2.4.54 (Debian) PHP/8.2.4RC1 (internal dummy connection)"
172.23.0.1 - - [07/Dec/2023:12:34:56 +0000] "OPTIONS /api/categories HTTP/1.1" 204 440 "http://localhost:8080/" "Mozilla/5.0 (Macintosh; Intel Mac OS X 10_15_7) AppleWebKit/537.36 (KHTML, like Gecko) Chrome/119.0.0.0 Safari/537.36"
172.23.0.1 - - [07/Dec/2023:12:34:56 +0000] "OPTIONS /api/currencies HTTP/1.1" 204 440 "http://localhost:8080/" "Mozilla/5.0 (Macintosh; Intel Mac OS X 10_15_7) AppleWebKit/537.36 (KHTML, like Gecko) Chrome/119.0.0.0 Safari/537.36"
172.23.0.1 - - [07/Dec/2023:12:34:56 +0000] "OPTIONS /api/paymentstype HTTP/1.1" 204 440 "http://localhost:8080/" "Mozilla/5.0 (Macintosh; Intel Mac OS X 10_15_7) AppleWebKit/537.36 (KHTML, like Gecko) Chrome/119.0.0.0 Safari/537.36"
172.23.0.1 - - [07/Dec/2023:12:34:56 +0000] "OPTIONS /api/labels HTTP/1.1" 204 440 "http://localhost:8080/" "Mozilla/5.0 (Macintosh; Intel Mac OS X 10_15_7) AppleWebKit/537.36 (KHTML, like Gecko) Chrome/119.0.0.0 Safari/537.36"
172.23.0.1 - - [07/Dec/2023:12:34:56 +0000] "OPTIONS /api/accounts HTTP/1.1" 204 440 "http://localhost:8080/" "Mozilla/5.0 (Macintosh; Intel Mac OS X 10_15_7) AppleWebKit/537.36 (KHTML, like Gecko) Chrome/119.0.0.0 Safari/537.36"
172.23.0.1 - - [07/Dec/2023:12:34:56 +0000] "OPTIONS /api/model/9 HTTP/1.1" 204 440 "http://localhost:8080/" "Mozilla/5.0 (Macintosh; Intel Mac OS X 10_15_7) AppleWebKit/537.36 (KHTML, like Gecko) Chrome/119.0.0.0 Safari/537.36"
172.23.0.1 - - [07/Dec/2023:12:34:56 +0000] "GET /api/currencies HTTP/1.1" 200 3306 "http://localhost:8080/" "Mozilla/5.0 (Macintosh; Intel Mac OS X 10_15_7) AppleWebKit/537.36 (KHTML, like Gecko) Chrome/119.0.0.0 Safari/537.36"
172.23.0.1 - - [07/Dec/2023:12:34:56 +0000] "GET /api/paymentstype HTTP/1.1" 200 993 "http://localhost:8080/" "Mozilla/5.0 (Macintosh; Intel Mac OS X 10_15_7) AppleWebKit/537.36 (KHTML, like Gecko) Chrome/119.0.0.0 Safari/537.36"
172.23.0.1 - - [07/Dec/2023:12:34:56 +0000] "GET /api/categories HTTP/1.1" 200 13671 "http://localhost:8080/" "Mozilla/5.0 (Macintosh; Intel Mac OS X 10_15_7) AppleWebKit/537.36 (KHTML, like Gecko) Chrome/119.0.0.0 Safari/537.36"
172.23.0.1 - - [07/Dec/2023:12:34:56 +0000] "GET /api/labels HTTP/1.1" 200 2996 "http://localhost:8080/" "Mozilla/5.0 (Macintosh; Intel Mac OS X 10_15_7) AppleWebKit/537.36 (KHTML, like Gecko) Chrome/119.0.0.0 Safari/537.36"
172.23.0.1 - - [07/Dec/2023:12:34:56 +0000] "GET /api/model/9 HTTP/1.1" 200 901 "http://localhost:8080/" "Mozilla/5.0 (Macintosh; Intel Mac OS X 10_15_7) AppleWebKit/537.36 (KHTML, like Gecko) Chrome/119.0.0.0 Safari/537.36"
172.23.0.1 - - [07/Dec/2023:12:34:56 +0000] "GET /api/accounts HTTP/1.1" 200 3438 "http://localhost:8080/" "Mozilla/5.0 (Macintosh; Intel Mac OS X 10_15_7) AppleWebKit/537.36 (KHTML, like Gecko) Chrome/119.0.0.0 Safari/537.36"
127.0.0.1 - - [07/Dec/2023:12:35:04 +0000] "OPTIONS * HTTP/1.0" 200 126 "-" "Apache/2.4.54 (Debian) PHP/8.2.4RC1 (internal dummy connection)"
172.23.0.1 - - [07/Dec/2023:12:35:09 +0000] "OPTIONS /api/categories HTTP/1.1" 204 440 "http://localhost:8080/" "Mozilla/5.0 (Macintosh; Intel Mac OS X 10_15_7) AppleWebKit/537.36 (KHTML, like Gecko) Chrome/119.0.0.0 Safari/537.36"
172.23.0.1 - - [07/Dec/2023:12:35:09 +0000] "OPTIONS /api/model/9 HTTP/1.1" 204 440 "http://localhost:8080/" "Mozilla/5.0 (Macintosh; Intel Mac OS X 10_15_7) AppleWebKit/537.36 (KHTML, like Gecko) Chrome/119.0.0.0 Safari/537.36"
172.23.0.1 - - [07/Dec/2023:12:35:09 +0000] "OPTIONS /api/currencies HTTP/1.1" 204 440 "http://localhost:8080/" "Mozilla/5.0 (Macintosh; Intel Mac OS X 10_15_7) AppleWebKit/537.36 (KHTML, like Gecko) Chrome/119.0.0.0 Safari/537.36"
172.23.0.1 - - [07/Dec/2023:12:35:09 +0000] "OPTIONS /api/labels HTTP/1.1" 204 440 "http://localhost:8080/" "Mozilla/5.0 (Macintosh; Intel Mac OS X 10_15_7) AppleWebKit/537.36 (KHTML, like Gecko) Chrome/119.0.0.0 Safari/537.36"
172.23.0.1 - - [07/Dec/2023:12:35:09 +0000] "OPTIONS /api/paymentstype HTTP/1.1" 204 440 "http://localhost:8080/" "Mozilla/5.0 (Macintosh; Intel Mac OS X 10_15_7) AppleWebKit/537.36 (KHTML, like Gecko) Chrome/119.0.0.0 Safari/537.36"
172.23.0.1 - - [07/Dec/2023:12:35:09 +0000] "OPTIONS /api/accounts HTTP/1.1" 204 440 "http://localhost:8080/" "Mozilla/5.0 (Macintosh; Intel Mac OS X 10_15_7) AppleWebKit/537.36 (KHTML, like Gecko) Chrome/119.0.0.0 Safari/537.36"
172.23.0.1 - - [07/Dec/2023:12:35:10 +0000] "GET /api/model/9 HTTP/1.1" 200 901 "http://localhost:8080/" "Mozilla/5.0 (Macintosh; Intel Mac OS X 10_15_7) AppleWebKit/537.36 (KHTML, like Gecko) Chrome/119.0.0.0 Safari/537.36"
172.23.0.1 - - [07/Dec/2023:12:35:10 +0000] "GET /api/currencies HTTP/1.1" 200 3306 "http://localhost:8080/" "Mozilla/5.0 (Macintosh; Intel Mac OS X 10_15_7) AppleWebKit/537.36 (KHTML, like Gecko) Chrome/119.0.0.0 Safari/537.36"
172.23.0.1 - - [07/Dec/2023:12:35:10 +0000] "GET /api/labels HTTP/1.1" 200 2996 "http://localhost:8080/" "Mozilla/5.0 (Macintosh; Intel Mac OS X 10_15_7) AppleWebKit/537.36 (KHTML, like Gecko) Chrome/119.0.0.0 Safari/537.36"
172.23.0.1 - - [07/Dec/2023:12:35:10 +0000] "GET /api/paymentstype HTTP/1.1" 200 993 "http://localhost:8080/" "Mozilla/5.0 (Macintosh; Intel Mac OS X 10_15_7) AppleWebKit/537.36 (KHTML, like Gecko) Chrome/119.0.0.0 Safari/537.36"
172.23.0.1 - - [07/Dec/2023:12:35:10 +0000] "GET /api/categories HTTP/1.1" 200 13671 "http://localhost:8080/" "Mozilla/5.0 (Macintosh; Intel Mac OS X 10_15_7) AppleWebKit/537.36 (KHTML, like Gecko) Chrome/119.0.0.0 Safari/537.36"
172.23.0.1 - - [07/Dec/2023:12:35:10 +0000] "GET /api/accounts HTTP/1.1" 200 3438 "http://localhost:8080/" "Mozilla/5.0 (Macintosh; Intel Mac OS X 10_15_7) AppleWebKit/537.36 (KHTML, like Gecko) Chrome/119.0.0.0 Safari/537.36"
172.23.0.1 - - [07/Dec/2023:12:35:14 +0000] "OPTIONS /api/model/9 HTTP/1.1" 204 440 "http://localhost:8080/" "Mozilla/5.0 (Macintosh; Intel Mac OS X 10_15_7) AppleWebKit/537.36 (KHTML, like Gecko) Chrome/119.0.0.0 Safari/537.36"
172.23.0.1 - - [07/Dec/2023:12:35:14 +0000] "OPTIONS /api/categories HTTP/1.1" 204 440 "http://localhost:8080/" "Mozilla/5.0 (Macintosh; Intel Mac OS X 10_15_7) AppleWebKit/537.36 (KHTML, like Gecko) Chrome/119.0.0.0 Safari/537.36"
172.23.0.1 - - [07/Dec/2023:12:35:14 +0000] "OPTIONS /api/currencies HTTP/1.1" 204 440 "http://localhost:8080/" "Mozilla/5.0 (Macintosh; Intel Mac OS X 10_15_7) AppleWebKit/537.36 (KHTML, like Gecko) Chrome/119.0.0.0 Safari/537.36"
172.23.0.1 - - [07/Dec/2023:12:35:14 +0000] "OPTIONS /api/paymentstype HTTP/1.1" 204 440 "http://localhost:8080/" "Mozilla/5.0 (Macintosh; Intel Mac OS X 10_15_7) AppleWebKit/537.36 (KHTML, like Gecko) Chrome/119.0.0.0 Safari/537.36"
172.23.0.1 - - [07/Dec/2023:12:35:14 +0000] "OPTIONS /api/accounts HTTP/1.1" 204 440 "http://localhost:8080/" "Mozilla/5.0 (Macintosh; Intel Mac OS X 10_15_7) AppleWebKit/537.36 (KHTML, like Gecko) Chrome/119.0.0.0 Safari/537.36"
172.23.0.1 - - [07/Dec/2023:12:35:14 +0000] "OPTIONS /api/labels HTTP/1.1" 204 440 "http://localhost:8080/" "Mozilla/5.0 (Macintosh; Intel Mac OS X 10_15_7) AppleWebKit/537.36 (KHTML, like Gecko) Chrome/119.0.0.0 Safari/537.36"
172.23.0.1 - - [07/Dec/2023:12:35:14 +0000] "GET /api/currencies HTTP/1.1" 200 3306 "http://localhost:8080/" "Mozilla/5.0 (Macintosh; Intel Mac OS X 10_15_7) AppleWebKit/537.36 (KHTML, like Gecko) Chrome/119.0.0.0 Safari/537.36"
172.23.0.1 - - [07/Dec/2023:12:35:14 +0000] "GET /api/model/9 HTTP/1.1" 200 901 "http://localhost:8080/" "Mozilla/5.0 (Macintosh; Intel Mac OS X 10_15_7) AppleWebKit/537.36 (KHTML, like Gecko) Chrome/119.0.0.0 Safari/537.36"
172.23.0.1 - - [07/Dec/2023:12:35:15 +0000] "GET /api/paymentstype HTTP/1.1" 200 993 "http://localhost:8080/" "Mozilla/5.0 (Macintosh; Intel Mac OS X 10_15_7) AppleWebKit/537.36 (KHTML, like Gecko) Chrome/119.0.0.0 Safari/537.36"
172.23.0.1 - - [07/Dec/2023:12:35:15 +0000] "GET /api/labels HTTP/1.1" 200 2996 "http://localhost:8080/" "Mozilla/5.0 (Macintosh; Intel Mac OS X 10_15_7) AppleWebKit/537.36 (KHTML, like Gecko) Chrome/119.0.0.0 Safari/537.36"
172.23.0.1 - - [07/Dec/2023:12:35:15 +0000] "GET /api/accounts HTTP/1.1" 200 3438 "http://localhost:8080/" "Mozilla/5.0 (Macintosh; Intel Mac OS X 10_15_7) AppleWebKit/537.36 (KHTML, like Gecko) Chrome/119.0.0.0 Safari/537.36"
172.23.0.1 - - [07/Dec/2023:12:35:14 +0000] "GET /api/categories HTTP/1.1" 200 13671 "http://localhost:8080/" "Mozilla/5.0 (Macintosh; Intel Mac OS X 10_15_7) AppleWebKit/537.36 (KHTML, like Gecko) Chrome/119.0.0.0 Safari/537.36"
127.0.0.1 - - [07/Dec/2023:12:35:22 +0000] "OPTIONS * HTTP/1.0" 200 126 "-" "Apache/2.4.54 (Debian) PHP/8.2.4RC1 (internal dummy connection)"
172.23.0.1 - - [07/Dec/2023:12:35:36 +0000] "OPTIONS /auth/check HTTP/1.1" 204 440 "http://localhost:8080/" "Mozilla/5.0 (Macintosh; Intel Mac OS X 10_15_7) AppleWebKit/537.36 (KHTML, like Gecko) Chrome/119.0.0.0 Safari/537.36"
172.23.0.1 - - [07/Dec/2023:12:35:36 +0000] "OPTIONS /api/labels HTTP/1.1" 204 440 "http://localhost:8080/" "Mozilla/5.0 (Macintosh; Intel Mac OS X 10_15_7) AppleWebKit/537.36 (KHTML, like Gecko) Chrome/119.0.0.0 Safari/537.36"
172.23.0.1 - - [07/Dec/2023:12:35:36 +0000] "OPTIONS /api/paymentstype HTTP/1.1" 204 440 "http://localhost:8080/" "Mozilla/5.0 (Macintosh; Intel Mac OS X 10_15_7) AppleWebKit/537.36 (KHTML, like Gecko) Chrome/119.0.0.0 Safari/537.36"
172.23.0.1 - - [07/Dec/2023:12:35:36 +0000] "OPTIONS /api/currencies HTTP/1.1" 204 440 "http://localhost:8080/" "Mozilla/5.0 (Macintosh; Intel Mac OS X 10_15_7) AppleWebKit/537.36 (KHTML, like Gecko) Chrome/119.0.0.0 Safari/537.36"
172.23.0.1 - - [07/Dec/2023:12:35:36 +0000] "OPTIONS /api/accounts HTTP/1.1" 204 440 "http://localhost:8080/" "Mozilla/5.0 (Macintosh; Intel Mac OS X 10_15_7) AppleWebKit/537.36 (KHTML, like Gecko) Chrome/119.0.0.0 Safari/537.36"
172.23.0.1 - - [07/Dec/2023:12:35:36 +0000] "OPTIONS /api/categories HTTP/1.1" 204 440 "http://localhost:8080/" "Mozilla/5.0 (Macintosh; Intel Mac OS X 10_15_7) AppleWebKit/537.36 (KHTML, like Gecko) Chrome/119.0.0.0 Safari/537.36"
172.23.0.1 - - [07/Dec/2023:12:35:37 +0000] "OPTIONS /api/model/9 HTTP/1.1" 204 440 "http://localhost:8080/" "Mozilla/5.0 (Macintosh; Intel Mac OS X 10_15_7) AppleWebKit/537.36 (KHTML, like Gecko) Chrome/119.0.0.0 Safari/537.36"
172.23.0.1 - - [07/Dec/2023:12:35:37 +0000] "OPTIONS /api/accounts/9 HTTP/1.1" 204 440 "http://localhost:8080/" "Mozilla/5.0 (Macintosh; Intel Mac OS X 10_15_7) AppleWebKit/537.36 (KHTML, like Gecko) Chrome/119.0.0.0 Safari/537.36"
172.23.0.1 - - [07/Dec/2023:12:35:37 +0000] "OPTIONS /api/currencies HTTP/1.1" 204 440 "http://localhost:8080/" "Mozilla/5.0 (Macintosh; Intel Mac OS X 10_15_7) AppleWebKit/537.36 (KHTML, like Gecko) Chrome/119.0.0.0 Safari/537.36"
172.23.0.1 - - [07/Dec/2023:12:35:37 +0000] "GET /auth/check HTTP/1.1" 200 480 "http://localhost:8080/" "Mozilla/5.0 (Macintosh; Intel Mac OS X 10_15_7) AppleWebKit/537.36 (KHTML, like Gecko) Chrome/119.0.0.0 Safari/537.36"
172.23.0.1 - - [07/Dec/2023:12:35:37 +0000] "GET /api/paymentstype HTTP/1.1" 200 993 "http://localhost:8080/" "Mozilla/5.0 (Macintosh; Intel Mac OS X 10_15_7) AppleWebKit/537.36 (KHTML, like Gecko) Chrome/119.0.0.0 Safari/537.36"
172.23.0.1 - - [07/Dec/2023:12:35:37 +0000] "GET /api/labels HTTP/1.1" 200 2996 "http://localhost:8080/" "Mozilla/5.0 (Macintosh; Intel Mac OS X 10_15_7) AppleWebKit/537.36 (KHTML, like Gecko) Chrome/119.0.0.0 Safari/537.36"
172.23.0.1 - - [07/Dec/2023:12:35:37 +0000] "GET /api/currencies HTTP/1.1" 200 3306 "http://localhost:8080/" "Mozilla/5.0 (Macintosh; Intel Mac OS X 10_15_7) AppleWebKit/537.36 (KHTML, like Gecko) Chrome/119.0.0.0 Safari/537.36"
172.23.0.1 - - [07/Dec/2023:12:35:37 +0000] "GET /api/accounts HTTP/1.1" 200 3438 "http://localhost:8080/" "Mozilla/5.0 (Macintosh; Intel Mac OS X 10_15_7) AppleWebKit/537.36 (KHTML, like Gecko) Chrome/119.0.0.0 Safari/537.36"
172.23.0.1 - - [07/Dec/2023:12:35:37 +0000] "GET /api/categories HTTP/1.1" 200 13671 "http://localhost:8080/" "Mozilla/5.0 (Macintosh; Intel Mac OS X 10_15_7) AppleWebKit/537.36 (KHTML, like Gecko) Chrome/119.0.0.0 Safari/537.36"
172.23.0.1 - - [07/Dec/2023:12:35:38 +0000] "GET /api/accounts/9 HTTP/1.1" 200 711 "http://localhost:8080/" "Mozilla/5.0 (Macintosh; Intel Mac OS X 10_15_7) AppleWebKit/537.36 (KHTML, like Gecko) Chrome/119.0.0.0 Safari/537.36"
172.23.0.1 - - [07/Dec/2023:12:35:38 +0000] "GET /api/model/9 HTTP/1.1" 200 900 "http://localhost:8080/" "Mozilla/5.0 (Macintosh; Intel Mac OS X 10_15_7) AppleWebKit/537.36 (KHTML, like Gecko) Chrome/119.0.0.0 Safari/537.36"
172.23.0.1 - - [07/Dec/2023:12:35:38 +0000] "GET /api/currencies HTTP/1.1" 200 3305 "http://localhost:8080/" "Mozilla/5.0 (Macintosh; Intel Mac OS X 10_15_7) AppleWebKit/537.36 (KHTML, like Gecko) Chrome/119.0.0.0 Safari/537.36"
127.0.0.1 - - [07/Dec/2023:12:35:45 +0000] "OPTIONS * HTTP/1.0" 200 126 "-" "Apache/2.4.54 (Debian) PHP/8.2.4RC1 (internal dummy connection)"
172.23.0.1 - - [07/Dec/2023:12:39:23 +0000] "OPTIONS /api/categories HTTP/1.1" 204 440 "http://localhost:8080/" "Mozilla/5.0 (Macintosh; Intel Mac OS X 10_15_7) AppleWebKit/537.36 (KHTML, like Gecko) Chrome/119.0.0.0 Safari/537.36"
172.23.0.1 - - [07/Dec/2023:12:39:23 +0000] "OPTIONS /api/accounts HTTP/1.1" 204 440 "http://localhost:8080/" "Mozilla/5.0 (Macintosh; Intel Mac OS X 10_15_7) AppleWebKit/537.36 (KHTML, like Gecko) Chrome/119.0.0.0 Safari/537.36"
172.23.0.1 - - [07/Dec/2023:12:39:23 +0000] "OPTIONS /api/labels HTTP/1.1" 204 440 "http://localhost:8080/" "Mozilla/5.0 (Macintosh; Intel Mac OS X 10_15_7) AppleWebKit/537.36 (KHTML, like Gecko) Chrome/119.0.0.0 Safari/537.36"
172.23.0.1 - - [07/Dec/2023:12:39:23 +0000] "OPTIONS /api/paymentstype HTTP/1.1" 204 440 "http://localhost:8080/" "Mozilla/5.0 (Macintosh; Intel Mac OS X 10_15_7) AppleWebKit/537.36 (KHTML, like Gecko) Chrome/119.0.0.0 Safari/537.36"
172.23.0.1 - - [07/Dec/2023:12:39:23 +0000] "OPTIONS /api/model/9 HTTP/1.1" 204 440 "http://localhost:8080/" "Mozilla/5.0 (Macintosh; Intel Mac OS X 10_15_7) AppleWebKit/537.36 (KHTML, like Gecko) Chrome/119.0.0.0 Safari/537.36"
172.23.0.1 - - [07/Dec/2023:12:39:23 +0000] "OPTIONS /api/currencies HTTP/1.1" 204 440 "http://localhost:8080/" "Mozilla/5.0 (Macintosh; Intel Mac OS X 10_15_7) AppleWebKit/537.36 (KHTML, like Gecko) Chrome/119.0.0.0 Safari/537.36"
172.23.0.1 - - [07/Dec/2023:12:39:24 +0000] "GET /api/currencies HTTP/1.1" 200 3306 "http://localhost:8080/" "Mozilla/5.0 (Macintosh; Intel Mac OS X 10_15_7) AppleWebKit/537.36 (KHTML, like Gecko) Chrome/119.0.0.0 Safari/537.36"
172.23.0.1 - - [07/Dec/2023:12:39:24 +0000] "GET /api/paymentstype HTTP/1.1" 200 993 "http://localhost:8080/" "Mozilla/5.0 (Macintosh; Intel Mac OS X 10_15_7) AppleWebKit/537.36 (KHTML, like Gecko) Chrome/119.0.0.0 Safari/537.36"
172.23.0.1 - - [07/Dec/2023:12:39:24 +0000] "GET /api/accounts HTTP/1.1" 200 3438 "http://localhost:8080/" "Mozilla/5.0 (Macintosh; Intel Mac OS X 10_15_7) AppleWebKit/537.36 (KHTML, like Gecko) Chrome/119.0.0.0 Safari/537.36"
172.23.0.1 - - [07/Dec/2023:12:39:24 +0000] "GET /api/labels HTTP/1.1" 200 2996 "http://localhost:8080/" "Mozilla/5.0 (Macintosh; Intel Mac OS X 10_15_7) AppleWebKit/537.36 (KHTML, like Gecko) Chrome/119.0.0.0 Safari/537.36"
172.23.0.1 - - [07/Dec/2023:12:39:24 +0000] "GET /api/categories HTTP/1.1" 200 13671 "http://localhost:8080/" "Mozilla/5.0 (Macintosh; Intel Mac OS X 10_15_7) AppleWebKit/537.36 (KHTML, like Gecko) Chrome/119.0.0.0 Safari/537.36"
172.23.0.1 - - [07/Dec/2023:12:39:24 +0000] "GET /api/model/9 HTTP/1.1" 200 901 "http://localhost:8080/" "Mozilla/5.0 (Macintosh; Intel Mac OS X 10_15_7) AppleWebKit/537.36 (KHTML, like Gecko) Chrome/119.0.0.0 Safari/537.36"
127.0.0.1 - - [07/Dec/2023:12:39:32 +0000] "OPTIONS * HTTP/1.0" 200 126 "-" "Apache/2.4.54 (Debian) PHP/8.2.4RC1 (internal dummy connection)"
172.23.0.1 - - [07/Dec/2023:12:40:15 +0000] "OPTIONS /api/model/9 HTTP/1.1" 204 440 "http://localhost:8080/" "Mozilla/5.0 (Macintosh; Intel Mac OS X 10_15_7) AppleWebKit/537.36 (KHTML, like Gecko) Chrome/119.0.0.0 Safari/537.36"
172.23.0.1 - - [07/Dec/2023:12:40:15 +0000] "OPTIONS /api/paymentstype HTTP/1.1" 204 440 "http://localhost:8080/" "Mozilla/5.0 (Macintosh; Intel Mac OS X 10_15_7) AppleWebKit/537.36 (KHTML, like Gecko) Chrome/119.0.0.0 Safari/537.36"
172.23.0.1 - - [07/Dec/2023:12:40:15 +0000] "OPTIONS /api/labels HTTP/1.1" 204 440 "http://localhost:8080/" "Mozilla/5.0 (Macintosh; Intel Mac OS X 10_15_7) AppleWebKit/537.36 (KHTML, like Gecko) Chrome/119.0.0.0 Safari/537.36"
172.23.0.1 - - [07/Dec/2023:12:40:15 +0000] "OPTIONS /api/categories HTTP/1.1" 204 440 "http://localhost:8080/" "Mozilla/5.0 (Macintosh; Intel Mac OS X 10_15_7) AppleWebKit/537.36 (KHTML, like Gecko) Chrome/119.0.0.0 Safari/537.36"
172.23.0.1 - - [07/Dec/2023:12:40:15 +0000] "OPTIONS /api/currencies HTTP/1.1" 204 440 "http://localhost:8080/" "Mozilla/5.0 (Macintosh; Intel Mac OS X 10_15_7) AppleWebKit/537.36 (KHTML, like Gecko) Chrome/119.0.0.0 Safari/537.36"
172.23.0.1 - - [07/Dec/2023:12:40:15 +0000] "OPTIONS /api/accounts HTTP/1.1" 204 440 "http://localhost:8080/" "Mozilla/5.0 (Macintosh; Intel Mac OS X 10_15_7) AppleWebKit/537.36 (KHTML, like Gecko) Chrome/119.0.0.0 Safari/537.36"
172.23.0.1 - - [07/Dec/2023:12:40:15 +0000] "GET /api/paymentstype HTTP/1.1" 200 993 "http://localhost:8080/" "Mozilla/5.0 (Macintosh; Intel Mac OS X 10_15_7) AppleWebKit/537.36 (KHTML, like Gecko) Chrome/119.0.0.0 Safari/537.36"
172.23.0.1 - - [07/Dec/2023:12:40:15 +0000] "GET /api/model/9 HTTP/1.1" 200 901 "http://localhost:8080/" "Mozilla/5.0 (Macintosh; Intel Mac OS X 10_15_7) AppleWebKit/537.36 (KHTML, like Gecko) Chrome/119.0.0.0 Safari/537.36"
172.23.0.1 - - [07/Dec/2023:12:40:15 +0000] "GET /api/accounts HTTP/1.1" 200 3438 "http://localhost:8080/" "Mozilla/5.0 (Macintosh; Intel Mac OS X 10_15_7) AppleWebKit/537.36 (KHTML, like Gecko) Chrome/119.0.0.0 Safari/537.36"
172.23.0.1 - - [07/Dec/2023:12:40:15 +0000] "GET /api/currencies HTTP/1.1" 200 3306 "http://localhost:8080/" "Mozilla/5.0 (Macintosh; Intel Mac OS X 10_15_7) AppleWebKit/537.36 (KHTML, like Gecko) Chrome/119.0.0.0 Safari/537.36"
172.23.0.1 - - [07/Dec/2023:12:40:15 +0000] "GET /api/labels HTTP/1.1" 200 2996 "http://localhost:8080/" "Mozilla/5.0 (Macintosh; Intel Mac OS X 10_15_7) AppleWebKit/537.36 (KHTML, like Gecko) Chrome/119.0.0.0 Safari/537.36"
172.23.0.1 - - [07/Dec/2023:12:40:15 +0000] "GET /api/categories HTTP/1.1" 200 13671 "http://localhost:8080/" "Mozilla/5.0 (Macintosh; Intel Mac OS X 10_15_7) AppleWebKit/537.36 (KHTML, like Gecko) Chrome/119.0.0.0 Safari/537.36"
172.23.0.1 - - [07/Dec/2023:12:40:21 +0000] "OPTIONS /api/categories HTTP/1.1" 204 440 "http://localhost:8080/" "Mozilla/5.0 (Macintosh; Intel Mac OS X 10_15_7) AppleWebKit/537.36 (KHTML, like Gecko) Chrome/119.0.0.0 Safari/537.36"
172.23.0.1 - - [07/Dec/2023:12:40:21 +0000] "OPTIONS /api/model/9 HTTP/1.1" 204 440 "http://localhost:8080/" "Mozilla/5.0 (Macintosh; Intel Mac OS X 10_15_7) AppleWebKit/537.36 (KHTML, like Gecko) Chrome/119.0.0.0 Safari/537.36"
172.23.0.1 - - [07/Dec/2023:12:40:21 +0000] "OPTIONS /api/labels HTTP/1.1" 204 440 "http://localhost:8080/" "Mozilla/5.0 (Macintosh; Intel Mac OS X 10_15_7) AppleWebKit/537.36 (KHTML, like Gecko) Chrome/119.0.0.0 Safari/537.36"
172.23.0.1 - - [07/Dec/2023:12:40:21 +0000] "OPTIONS /api/paymentstype HTTP/1.1" 204 440 "http://localhost:8080/" "Mozilla/5.0 (Macintosh; Intel Mac OS X 10_15_7) AppleWebKit/537.36 (KHTML, like Gecko) Chrome/119.0.0.0 Safari/537.36"
172.23.0.1 - - [07/Dec/2023:12:40:21 +0000] "OPTIONS /api/currencies HTTP/1.1" 204 440 "http://localhost:8080/" "Mozilla/5.0 (Macintosh; Intel Mac OS X 10_15_7) AppleWebKit/537.36 (KHTML, like Gecko) Chrome/119.0.0.0 Safari/537.36"
172.23.0.1 - - [07/Dec/2023:12:40:21 +0000] "OPTIONS /api/accounts HTTP/1.1" 204 440 "http://localhost:8080/" "Mozilla/5.0 (Macintosh; Intel Mac OS X 10_15_7) AppleWebKit/537.36 (KHTML, like Gecko) Chrome/119.0.0.0 Safari/537.36"
172.23.0.1 - - [07/Dec/2023:12:40:21 +0000] "GET /api/paymentstype HTTP/1.1" 200 993 "http://localhost:8080/" "Mozilla/5.0 (Macintosh; Intel Mac OS X 10_15_7) AppleWebKit/537.36 (KHTML, like Gecko) Chrome/119.0.0.0 Safari/537.36"
172.23.0.1 - - [07/Dec/2023:12:40:21 +0000] "GET /api/labels HTTP/1.1" 200 2996 "http://localhost:8080/" "Mozilla/5.0 (Macintosh; Intel Mac OS X 10_15_7) AppleWebKit/537.36 (KHTML, like Gecko) Chrome/119.0.0.0 Safari/537.36"
172.23.0.1 - - [07/Dec/2023:12:40:21 +0000] "GET /api/model/9 HTTP/1.1" 200 901 "http://localhost:8080/" "Mozilla/5.0 (Macintosh; Intel Mac OS X 10_15_7) AppleWebKit/537.36 (KHTML, like Gecko) Chrome/119.0.0.0 Safari/537.36"
172.23.0.1 - - [07/Dec/2023:12:40:21 +0000] "GET /api/accounts HTTP/1.1" 200 3438 "http://localhost:8080/" "Mozilla/5.0 (Macintosh; Intel Mac OS X 10_15_7) AppleWebKit/537.36 (KHTML, like Gecko) Chrome/119.0.0.0 Safari/537.36"
172.23.0.1 - - [07/Dec/2023:12:40:21 +0000] "GET /api/currencies HTTP/1.1" 200 3313 "http://localhost:8080/" "Mozilla/5.0 (Macintosh; Intel Mac OS X 10_15_7) AppleWebKit/537.36 (KHTML, like Gecko) Chrome/119.0.0.0 Safari/537.36"
172.23.0.1 - - [07/Dec/2023:12:40:21 +0000] "GET /api/categories HTTP/1.1" 200 13671 "http://localhost:8080/" "Mozilla/5.0 (Macintosh; Intel Mac OS X 10_15_7) AppleWebKit/537.36 (KHTML, like Gecko) Chrome/119.0.0.0 Safari/537.36"
127.0.0.1 - - [07/Dec/2023:12:40:29 +0000] "OPTIONS * HTTP/1.0" 200 126 "-" "Apache/2.4.54 (Debian) PHP/8.2.4RC1 (internal dummy connection)"
172.23.0.1 - - [07/Dec/2023:12:40:40 +0000] "OPTIONS /api/currencies HTTP/1.1" 204 440 "http://localhost:8080/" "Mozilla/5.0 (Macintosh; Intel Mac OS X 10_15_7) AppleWebKit/537.36 (KHTML, like Gecko) Chrome/119.0.0.0 Safari/537.36"
172.23.0.1 - - [07/Dec/2023:12:40:40 +0000] "OPTIONS /api/paymentstype HTTP/1.1" 204 440 "http://localhost:8080/" "Mozilla/5.0 (Macintosh; Intel Mac OS X 10_15_7) AppleWebKit/537.36 (KHTML, like Gecko) Chrome/119.0.0.0 Safari/537.36"
172.23.0.1 - - [07/Dec/2023:12:40:40 +0000] "OPTIONS /api/categories HTTP/1.1" 204 440 "http://localhost:8080/" "Mozilla/5.0 (Macintosh; Intel Mac OS X 10_15_7) AppleWebKit/537.36 (KHTML, like Gecko) Chrome/119.0.0.0 Safari/537.36"
172.23.0.1 - - [07/Dec/2023:12:40:40 +0000] "OPTIONS /api/labels HTTP/1.1" 204 440 "http://localhost:8080/" "Mozilla/5.0 (Macintosh; Intel Mac OS X 10_15_7) AppleWebKit/537.36 (KHTML, like Gecko) Chrome/119.0.0.0 Safari/537.36"
172.23.0.1 - - [07/Dec/2023:12:40:40 +0000] "OPTIONS /api/accounts HTTP/1.1" 204 440 "http://localhost:8080/" "Mozilla/5.0 (Macintosh; Intel Mac OS X 10_15_7) AppleWebKit/537.36 (KHTML, like Gecko) Chrome/119.0.0.0 Safari/537.36"
172.23.0.1 - - [07/Dec/2023:12:40:40 +0000] "OPTIONS /api/model/9 HTTP/1.1" 204 440 "http://localhost:8080/" "Mozilla/5.0 (Macintosh; Intel Mac OS X 10_15_7) AppleWebKit/537.36 (KHTML, like Gecko) Chrome/119.0.0.0 Safari/537.36"
172.23.0.1 - - [07/Dec/2023:12:40:40 +0000] "GET /api/currencies HTTP/1.1" 200 3306 "http://localhost:8080/" "Mozilla/5.0 (Macintosh; Intel Mac OS X 10_15_7) AppleWebKit/537.36 (KHTML, like Gecko) Chrome/119.0.0.0 Safari/537.36"
172.23.0.1 - - [07/Dec/2023:12:40:40 +0000] "GET /api/paymentstype HTTP/1.1" 200 993 "http://localhost:8080/" "Mozilla/5.0 (Macintosh; Intel Mac OS X 10_15_7) AppleWebKit/537.36 (KHTML, like Gecko) Chrome/119.0.0.0 Safari/537.36"
172.23.0.1 - - [07/Dec/2023:12:40:40 +0000] "GET /api/model/9 HTTP/1.1" 200 901 "http://localhost:8080/" "Mozilla/5.0 (Macintosh; Intel Mac OS X 10_15_7) AppleWebKit/537.36 (KHTML, like Gecko) Chrome/119.0.0.0 Safari/537.36"
172.23.0.1 - - [07/Dec/2023:12:40:40 +0000] "GET /api/accounts HTTP/1.1" 200 3438 "http://localhost:8080/" "Mozilla/5.0 (Macintosh; Intel Mac OS X 10_15_7) AppleWebKit/537.36 (KHTML, like Gecko) Chrome/119.0.0.0 Safari/537.36"
172.23.0.1 - - [07/Dec/2023:12:40:40 +0000] "GET /api/labels HTTP/1.1" 200 2996 "http://localhost:8080/" "Mozilla/5.0 (Macintosh; Intel Mac OS X 10_15_7) AppleWebKit/537.36 (KHTML, like Gecko) Chrome/119.0.0.0 Safari/537.36"
172.23.0.1 - - [07/Dec/2023:12:40:40 +0000] "GET /api/categories HTTP/1.1" 200 13678 "http://localhost:8080/" "Mozilla/5.0 (Macintosh; Intel Mac OS X 10_15_7) AppleWebKit/537.36 (KHTML, like Gecko) Chrome/119.0.0.0 Safari/537.36"
127.0.0.1 - - [07/Dec/2023:12:40:49 +0000] "OPTIONS * HTTP/1.0" 200 126 "-" "Apache/2.4.54 (Debian) PHP/8.2.4RC1 (internal dummy connection)"
172.23.0.1 - - [07/Dec/2023:12:41:11 +0000] "OPTIONS /api/model/9 HTTP/1.1" 204 453 "http://localhost:8080/" "Mozilla/5.0 (Macintosh; Intel Mac OS X 10_15_7) AppleWebKit/537.36 (KHTML, like Gecko) Chrome/119.0.0.0 Safari/537.36"
172.23.0.1 - - [07/Dec/2023:12:41:11 +0000] "PUT /api/model/9 HTTP/1.1" 200 541 "http://localhost:8080/" "Mozilla/5.0 (Macintosh; Intel Mac OS X 10_15_7) AppleWebKit/537.36 (KHTML, like Gecko) Chrome/119.0.0.0 Safari/537.36"
172.23.0.1 - - [07/Dec/2023:12:42:04 +0000] "OPTIONS /api/labels HTTP/1.1" 204 440 "http://localhost:8080/" "Mozilla/5.0 (Macintosh; Intel Mac OS X 10_15_7) AppleWebKit/537.36 (KHTML, like Gecko) Chrome/119.0.0.0 Safari/537.36"
172.23.0.1 - - [07/Dec/2023:12:42:04 +0000] "OPTIONS /api/model/9 HTTP/1.1" 204 440 "http://localhost:8080/" "Mozilla/5.0 (Macintosh; Intel Mac OS X 10_15_7) AppleWebKit/537.36 (KHTML, like Gecko) Chrome/119.0.0.0 Safari/537.36"
172.23.0.1 - - [07/Dec/2023:12:42:04 +0000] "OPTIONS /api/paymentstype HTTP/1.1" 204 440 "http://localhost:8080/" "Mozilla/5.0 (Macintosh; Intel Mac OS X 10_15_7) AppleWebKit/537.36 (KHTML, like Gecko) Chrome/119.0.0.0 Safari/537.36"
172.23.0.1 - - [07/Dec/2023:12:42:04 +0000] "OPTIONS /api/accounts HTTP/1.1" 204 440 "http://localhost:8080/" "Mozilla/5.0 (Macintosh; Intel Mac OS X 10_15_7) AppleWebKit/537.36 (KHTML, like Gecko) Chrome/119.0.0.0 Safari/537.36"
172.23.0.1 - - [07/Dec/2023:12:42:04 +0000] "OPTIONS /api/currencies HTTP/1.1" 204 440 "http://localhost:8080/" "Mozilla/5.0 (Macintosh; Intel Mac OS X 10_15_7) AppleWebKit/537.36 (KHTML, like Gecko) Chrome/119.0.0.0 Safari/537.36"
172.23.0.1 - - [07/Dec/2023:12:42:04 +0000] "OPTIONS /api/categories HTTP/1.1" 204 440 "http://localhost:8080/" "Mozilla/5.0 (Macintosh; Intel Mac OS X 10_15_7) AppleWebKit/537.36 (KHTML, like Gecko) Chrome/119.0.0.0 Safari/537.36"
172.23.0.1 - - [07/Dec/2023:12:42:04 +0000] "GET /api/paymentstype HTTP/1.1" 200 993 "http://localhost:8080/" "Mozilla/5.0 (Macintosh; Intel Mac OS X 10_15_7) AppleWebKit/537.36 (KHTML, like Gecko) Chrome/119.0.0.0 Safari/537.36"
172.23.0.1 - - [07/Dec/2023:12:42:04 +0000] "GET /api/accounts HTTP/1.1" 200 3438 "http://localhost:8080/" "Mozilla/5.0 (Macintosh; Intel Mac OS X 10_15_7) AppleWebKit/537.36 (KHTML, like Gecko) Chrome/119.0.0.0 Safari/537.36"
172.23.0.1 - - [07/Dec/2023:12:42:04 +0000] "GET /api/currencies HTTP/1.1" 200 3306 "http://localhost:8080/" "Mozilla/5.0 (Macintosh; Intel Mac OS X 10_15_7) AppleWebKit/537.36 (KHTML, like Gecko) Chrome/119.0.0.0 Safari/537.36"
172.23.0.1 - - [07/Dec/2023:12:42:04 +0000] "GET /api/labels HTTP/1.1" 200 3003 "http://localhost:8080/" "Mozilla/5.0 (Macintosh; Intel Mac OS X 10_15_7) AppleWebKit/537.36 (KHTML, like Gecko) Chrome/119.0.0.0 Safari/537.36"
172.23.0.1 - - [07/Dec/2023:12:42:04 +0000] "GET /api/model/9 HTTP/1.1" 200 901 "http://localhost:8080/" "Mozilla/5.0 (Macintosh; Intel Mac OS X 10_15_7) AppleWebKit/537.36 (KHTML, like Gecko) Chrome/119.0.0.0 Safari/537.36"
172.23.0.1 - - [07/Dec/2023:12:42:04 +0000] "GET /api/categories HTTP/1.1" 200 13671 "http://localhost:8080/" "Mozilla/5.0 (Macintosh; Intel Mac OS X 10_15_7) AppleWebKit/537.36 (KHTML, like Gecko) Chrome/119.0.0.0 Safari/537.36"
127.0.0.1 - - [07/Dec/2023:12:42:13 +0000] "OPTIONS * HTTP/1.0" 200 126 "-" "Apache/2.4.54 (Debian) PHP/8.2.4RC1 (internal dummy connection)"
172.23.0.1 - - [07/Dec/2023:12:43:11 +0000] "OPTIONS /api/paymentstype HTTP/1.1" 204 440 "http://localhost:8080/" "Mozilla/5.0 (Macintosh; Intel Mac OS X 10_15_7) AppleWebKit/537.36 (KHTML, like Gecko) Chrome/119.0.0.0 Safari/537.36"
172.23.0.1 - - [07/Dec/2023:12:43:11 +0000] "OPTIONS /api/model/9 HTTP/1.1" 204 440 "http://localhost:8080/" "Mozilla/5.0 (Macintosh; Intel Mac OS X 10_15_7) AppleWebKit/537.36 (KHTML, like Gecko) Chrome/119.0.0.0 Safari/537.36"
172.23.0.1 - - [07/Dec/2023:12:43:11 +0000] "OPTIONS /api/labels HTTP/1.1" 204 440 "http://localhost:8080/" "Mozilla/5.0 (Macintosh; Intel Mac OS X 10_15_7) AppleWebKit/537.36 (KHTML, like Gecko) Chrome/119.0.0.0 Safari/537.36"
172.23.0.1 - - [07/Dec/2023:12:43:11 +0000] "OPTIONS /api/categories HTTP/1.1" 204 440 "http://localhost:8080/" "Mozilla/5.0 (Macintosh; Intel Mac OS X 10_15_7) AppleWebKit/537.36 (KHTML, like Gecko) Chrome/119.0.0.0 Safari/537.36"
172.23.0.1 - - [07/Dec/2023:12:43:11 +0000] "OPTIONS /api/accounts HTTP/1.1" 204 440 "http://localhost:8080/" "Mozilla/5.0 (Macintosh; Intel Mac OS X 10_15_7) AppleWebKit/537.36 (KHTML, like Gecko) Chrome/119.0.0.0 Safari/537.36"
172.23.0.1 - - [07/Dec/2023:12:43:11 +0000] "OPTIONS /api/currencies HTTP/1.1" 204 440 "http://localhost:8080/" "Mozilla/5.0 (Macintosh; Intel Mac OS X 10_15_7) AppleWebKit/537.36 (KHTML, like Gecko) Chrome/119.0.0.0 Safari/537.36"
172.23.0.1 - - [07/Dec/2023:12:43:12 +0000] "GET /api/paymentstype HTTP/1.1" 200 993 "http://localhost:8080/" "Mozilla/5.0 (Macintosh; Intel Mac OS X 10_15_7) AppleWebKit/537.36 (KHTML, like Gecko) Chrome/119.0.0.0 Safari/537.36"
172.23.0.1 - - [07/Dec/2023:12:43:12 +0000] "GET /api/model/9 HTTP/1.1" 200 908 "http://localhost:8080/" "Mozilla/5.0 (Macintosh; Intel Mac OS X 10_15_7) AppleWebKit/537.36 (KHTML, like Gecko) Chrome/119.0.0.0 Safari/537.36"
172.23.0.1 - - [07/Dec/2023:12:43:12 +0000] "GET /api/currencies HTTP/1.1" 200 3306 "http://localhost:8080/" "Mozilla/5.0 (Macintosh; Intel Mac OS X 10_15_7) AppleWebKit/537.36 (KHTML, like Gecko) Chrome/119.0.0.0 Safari/537.36"
172.23.0.1 - - [07/Dec/2023:12:43:12 +0000] "GET /api/labels HTTP/1.1" 200 2996 "http://localhost:8080/" "Mozilla/5.0 (Macintosh; Intel Mac OS X 10_15_7) AppleWebKit/537.36 (KHTML, like Gecko) Chrome/119.0.0.0 Safari/537.36"
172.23.0.1 - - [07/Dec/2023:12:43:12 +0000] "GET /api/accounts HTTP/1.1" 200 3438 "http://localhost:8080/" "Mozilla/5.0 (Macintosh; Intel Mac OS X 10_15_7) AppleWebKit/537.36 (KHTML, like Gecko) Chrome/119.0.0.0 Safari/537.36"
172.23.0.1 - - [07/Dec/2023:12:43:12 +0000] "GET /api/categories HTTP/1.1" 200 13671 "http://localhost:8080/" "Mozilla/5.0 (Macintosh; Intel Mac OS X 10_15_7) AppleWebKit/537.36 (KHTML, like Gecko) Chrome/119.0.0.0 Safari/537.36"
127.0.0.1 - - [07/Dec/2023:12:43:21 +0000] "OPTIONS * HTTP/1.0" 200 126 "-" "Apache/2.4.54 (Debian) PHP/8.2.4RC1 (internal dummy connection)"
172.23.0.1 - - [07/Dec/2023:12:43:38 +0000] "OPTIONS /api/paymentstype HTTP/1.1" 204 440 "http://localhost:8080/" "Mozilla/5.0 (Macintosh; Intel Mac OS X 10_15_7) AppleWebKit/537.36 (KHTML, like Gecko) Chrome/119.0.0.0 Safari/537.36"
172.23.0.1 - - [07/Dec/2023:12:43:38 +0000] "OPTIONS /api/model/9 HTTP/1.1" 204 440 "http://localhost:8080/" "Mozilla/5.0 (Macintosh; Intel Mac OS X 10_15_7) AppleWebKit/537.36 (KHTML, like Gecko) Chrome/119.0.0.0 Safari/537.36"
172.23.0.1 - - [07/Dec/2023:12:43:38 +0000] "OPTIONS /api/currencies HTTP/1.1" 204 440 "http://localhost:8080/" "Mozilla/5.0 (Macintosh; Intel Mac OS X 10_15_7) AppleWebKit/537.36 (KHTML, like Gecko) Chrome/119.0.0.0 Safari/537.36"
172.23.0.1 - - [07/Dec/2023:12:43:38 +0000] "OPTIONS /api/accounts HTTP/1.1" 204 440 "http://localhost:8080/" "Mozilla/5.0 (Macintosh; Intel Mac OS X 10_15_7) AppleWebKit/537.36 (KHTML, like Gecko) Chrome/119.0.0.0 Safari/537.36"
172.23.0.1 - - [07/Dec/2023:12:43:38 +0000] "OPTIONS /api/categories HTTP/1.1" 204 440 "http://localhost:8080/" "Mozilla/5.0 (Macintosh; Intel Mac OS X 10_15_7) AppleWebKit/537.36 (KHTML, like Gecko) Chrome/119.0.0.0 Safari/537.36"
172.23.0.1 - - [07/Dec/2023:12:43:38 +0000] "OPTIONS /api/labels HTTP/1.1" 204 447 "http://localhost:8080/" "Mozilla/5.0 (Macintosh; Intel Mac OS X 10_15_7) AppleWebKit/537.36 (KHTML, like Gecko) Chrome/119.0.0.0 Safari/537.36"
172.23.0.1 - - [07/Dec/2023:12:43:38 +0000] "GET /api/paymentstype HTTP/1.1" 200 993 "http://localhost:8080/" "Mozilla/5.0 (Macintosh; Intel Mac OS X 10_15_7) AppleWebKit/537.36 (KHTML, like Gecko) Chrome/119.0.0.0 Safari/537.36"
172.23.0.1 - - [07/Dec/2023:12:43:38 +0000] "GET /api/currencies HTTP/1.1" 200 3306 "http://localhost:8080/" "Mozilla/5.0 (Macintosh; Intel Mac OS X 10_15_7) AppleWebKit/537.36 (KHTML, like Gecko) Chrome/119.0.0.0 Safari/537.36"
172.23.0.1 - - [07/Dec/2023:12:43:38 +0000] "GET /api/model/9 HTTP/1.1" 200 901 "http://localhost:8080/" "Mozilla/5.0 (Macintosh; Intel Mac OS X 10_15_7) AppleWebKit/537.36 (KHTML, like Gecko) Chrome/119.0.0.0 Safari/537.36"
172.23.0.1 - - [07/Dec/2023:12:43:38 +0000] "GET /api/labels HTTP/1.1" 200 2996 "http://localhost:8080/" "Mozilla/5.0 (Macintosh; Intel Mac OS X 10_15_7) AppleWebKit/537.36 (KHTML, like Gecko) Chrome/119.0.0.0 Safari/537.36"
172.23.0.1 - - [07/Dec/2023:12:43:38 +0000] "GET /api/accounts HTTP/1.1" 200 3438 "http://localhost:8080/" "Mozilla/5.0 (Macintosh; Intel Mac OS X 10_15_7) AppleWebKit/537.36 (KHTML, like Gecko) Chrome/119.0.0.0 Safari/537.36"
172.23.0.1 - - [07/Dec/2023:12:43:38 +0000] "GET /api/categories HTTP/1.1" 200 13671 "http://localhost:8080/" "Mozilla/5.0 (Macintosh; Intel Mac OS X 10_15_7) AppleWebKit/537.36 (KHTML, like Gecko) Chrome/119.0.0.0 Safari/537.36"
127.0.0.1 - - [07/Dec/2023:12:43:47 +0000] "OPTIONS * HTTP/1.0" 200 126 "-" "Apache/2.4.54 (Debian) PHP/8.2.4RC1 (internal dummy connection)"
172.23.0.1 - - [07/Dec/2023:12:45:34 +0000] "OPTIONS /api/accounts HTTP/1.1" 204 440 "http://localhost:8080/" "Mozilla/5.0 (Macintosh; Intel Mac OS X 10_15_7) AppleWebKit/537.36 (KHTML, like Gecko) Chrome/119.0.0.0 Safari/537.36"
172.23.0.1 - - [07/Dec/2023:12:45:34 +0000] "OPTIONS /api/categories HTTP/1.1" 204 440 "http://localhost:8080/" "Mozilla/5.0 (Macintosh; Intel Mac OS X 10_15_7) AppleWebKit/537.36 (KHTML, like Gecko) Chrome/119.0.0.0 Safari/537.36"
172.23.0.1 - - [07/Dec/2023:12:45:34 +0000] "OPTIONS /api/paymentstype HTTP/1.1" 204 447 "http://localhost:8080/" "Mozilla/5.0 (Macintosh; Intel Mac OS X 10_15_7) AppleWebKit/537.36 (KHTML, like Gecko) Chrome/119.0.0.0 Safari/537.36"
172.23.0.1 - - [07/Dec/2023:12:45:34 +0000] "OPTIONS /api/currencies HTTP/1.1" 204 440 "http://localhost:8080/" "Mozilla/5.0 (Macintosh; Intel Mac OS X 10_15_7) AppleWebKit/537.36 (KHTML, like Gecko) Chrome/119.0.0.0 Safari/537.36"
172.23.0.1 - - [07/Dec/2023:12:45:34 +0000] "OPTIONS /api/labels HTTP/1.1" 204 440 "http://localhost:8080/" "Mozilla/5.0 (Macintosh; Intel Mac OS X 10_15_7) AppleWebKit/537.36 (KHTML, like Gecko) Chrome/119.0.0.0 Safari/537.36"
172.23.0.1 - - [07/Dec/2023:12:45:34 +0000] "OPTIONS /api/model/9 HTTP/1.1" 204 440 "http://localhost:8080/" "Mozilla/5.0 (Macintosh; Intel Mac OS X 10_15_7) AppleWebKit/537.36 (KHTML, like Gecko) Chrome/119.0.0.0 Safari/537.36"
172.23.0.1 - - [07/Dec/2023:12:45:35 +0000] "GET /api/accounts HTTP/1.1" 200 3438 "http://localhost:8080/" "Mozilla/5.0 (Macintosh; Intel Mac OS X 10_15_7) AppleWebKit/537.36 (KHTML, like Gecko) Chrome/119.0.0.0 Safari/537.36"
172.23.0.1 - - [07/Dec/2023:12:45:35 +0000] "GET /api/model/9 HTTP/1.1" 200 901 "http://localhost:8080/" "Mozilla/5.0 (Macintosh; Intel Mac OS X 10_15_7) AppleWebKit/537.36 (KHTML, like Gecko) Chrome/119.0.0.0 Safari/537.36"
172.23.0.1 - - [07/Dec/2023:12:45:35 +0000] "GET /api/paymentstype HTTP/1.1" 200 993 "http://localhost:8080/" "Mozilla/5.0 (Macintosh; Intel Mac OS X 10_15_7) AppleWebKit/537.36 (KHTML, like Gecko) Chrome/119.0.0.0 Safari/537.36"
172.23.0.1 - - [07/Dec/2023:12:45:35 +0000] "GET /api/currencies HTTP/1.1" 200 3306 "http://localhost:8080/" "Mozilla/5.0 (Macintosh; Intel Mac OS X 10_15_7) AppleWebKit/537.36 (KHTML, like Gecko) Chrome/119.0.0.0 Safari/537.36"
172.23.0.1 - - [07/Dec/2023:12:45:35 +0000] "GET /api/labels HTTP/1.1" 200 2996 "http://localhost:8080/" "Mozilla/5.0 (Macintosh; Intel Mac OS X 10_15_7) AppleWebKit/537.36 (KHTML, like Gecko) Chrome/119.0.0.0 Safari/537.36"
172.23.0.1 - - [07/Dec/2023:12:45:35 +0000] "GET /api/categories HTTP/1.1" 200 13671 "http://localhost:8080/" "Mozilla/5.0 (Macintosh; Intel Mac OS X 10_15_7) AppleWebKit/537.36 (KHTML, like Gecko) Chrome/119.0.0.0 Safari/537.36"
127.0.0.1 - - [07/Dec/2023:12:45:43 +0000] "OPTIONS * HTTP/1.0" 200 126 "-" "Apache/2.4.54 (Debian) PHP/8.2.4RC1 (internal dummy connection)"
172.23.0.1 - - [07/Dec/2023:12:45:48 +0000] "OPTIONS /api/categories HTTP/1.1" 204 440 "http://localhost:8080/" "Mozilla/5.0 (Macintosh; Intel Mac OS X 10_15_7) AppleWebKit/537.36 (KHTML, like Gecko) Chrome/119.0.0.0 Safari/537.36"
172.23.0.1 - - [07/Dec/2023:12:45:48 +0000] "OPTIONS /api/currencies HTTP/1.1" 204 440 "http://localhost:8080/" "Mozilla/5.0 (Macintosh; Intel Mac OS X 10_15_7) AppleWebKit/537.36 (KHTML, like Gecko) Chrome/119.0.0.0 Safari/537.36"
172.23.0.1 - - [07/Dec/2023:12:45:48 +0000] "OPTIONS /api/model/9 HTTP/1.1" 204 440 "http://localhost:8080/" "Mozilla/5.0 (Macintosh; Intel Mac OS X 10_15_7) AppleWebKit/537.36 (KHTML, like Gecko) Chrome/119.0.0.0 Safari/537.36"
172.23.0.1 - - [07/Dec/2023:12:45:48 +0000] "OPTIONS /api/paymentstype HTTP/1.1" 204 440 "http://localhost:8080/" "Mozilla/5.0 (Macintosh; Intel Mac OS X 10_15_7) AppleWebKit/537.36 (KHTML, like Gecko) Chrome/119.0.0.0 Safari/537.36"
172.23.0.1 - - [07/Dec/2023:12:45:48 +0000] "OPTIONS /api/labels HTTP/1.1" 204 440 "http://localhost:8080/" "Mozilla/5.0 (Macintosh; Intel Mac OS X 10_15_7) AppleWebKit/537.36 (KHTML, like Gecko) Chrome/119.0.0.0 Safari/537.36"
172.23.0.1 - - [07/Dec/2023:12:45:48 +0000] "OPTIONS /api/accounts HTTP/1.1" 204 440 "http://localhost:8080/" "Mozilla/5.0 (Macintosh; Intel Mac OS X 10_15_7) AppleWebKit/537.36 (KHTML, like Gecko) Chrome/119.0.0.0 Safari/537.36"
172.23.0.1 - - [07/Dec/2023:12:45:48 +0000] "GET /api/currencies HTTP/1.1" 200 3306 "http://localhost:8080/" "Mozilla/5.0 (Macintosh; Intel Mac OS X 10_15_7) AppleWebKit/537.36 (KHTML, like Gecko) Chrome/119.0.0.0 Safari/537.36"
172.23.0.1 - - [07/Dec/2023:12:45:48 +0000] "GET /api/model/9 HTTP/1.1" 200 901 "http://localhost:8080/" "Mozilla/5.0 (Macintosh; Intel Mac OS X 10_15_7) AppleWebKit/537.36 (KHTML, like Gecko) Chrome/119.0.0.0 Safari/537.36"
172.23.0.1 - - [07/Dec/2023:12:45:48 +0000] "GET /api/paymentstype HTTP/1.1" 200 993 "http://localhost:8080/" "Mozilla/5.0 (Macintosh; Intel Mac OS X 10_15_7) AppleWebKit/537.36 (KHTML, like Gecko) Chrome/119.0.0.0 Safari/537.36"
172.23.0.1 - - [07/Dec/2023:12:45:48 +0000] "GET /api/labels HTTP/1.1" 200 2996 "http://localhost:8080/" "Mozilla/5.0 (Macintosh; Intel Mac OS X 10_15_7) AppleWebKit/537.36 (KHTML, like Gecko) Chrome/119.0.0.0 Safari/537.36"
172.23.0.1 - - [07/Dec/2023:12:45:48 +0000] "GET /api/categories HTTP/1.1" 200 13671 "http://localhost:8080/" "Mozilla/5.0 (Macintosh; Intel Mac OS X 10_15_7) AppleWebKit/537.36 (KHTML, like Gecko) Chrome/119.0.0.0 Safari/537.36"
172.23.0.1 - - [07/Dec/2023:12:45:49 +0000] "GET /api/accounts HTTP/1.1" 200 3438 "http://localhost:8080/" "Mozilla/5.0 (Macintosh; Intel Mac OS X 10_15_7) AppleWebKit/537.36 (KHTML, like Gecko) Chrome/119.0.0.0 Safari/537.36"
127.0.0.1 - - [07/Dec/2023:12:45:57 +0000] "OPTIONS * HTTP/1.0" 200 126 "-" "Apache/2.4.54 (Debian) PHP/8.2.4RC1 (internal dummy connection)"
172.23.0.1 - - [07/Dec/2023:12:46:10 +0000] "OPTIONS /api/model/9 HTTP/1.1" 204 453 "http://localhost:8080/" "Mozilla/5.0 (Macintosh; Intel Mac OS X 10_15_7) AppleWebKit/537.36 (KHTML, like Gecko) Chrome/119.0.0.0 Safari/537.36"
172.23.0.1 - - [07/Dec/2023:12:46:11 +0000] "PUT /api/model/9 HTTP/1.1" 200 541 "http://localhost:8080/" "Mozilla/5.0 (Macintosh; Intel Mac OS X 10_15_7) AppleWebKit/537.36 (KHTML, like Gecko) Chrome/119.0.0.0 Safari/537.36"
172.23.0.1 - - [07/Dec/2023:12:46:42 +0000] "OPTIONS /api/model HTTP/1.1" 204 440 "http://localhost:8080/" "Mozilla/5.0 (Macintosh; Intel Mac OS X 10_15_7) AppleWebKit/537.36 (KHTML, like Gecko) Chrome/119.0.0.0 Safari/537.36"
172.23.0.1 - - [07/Dec/2023:12:46:42 +0000] "GET /api/model HTTP/1.1" 200 4818 "http://localhost:8080/" "Mozilla/5.0 (Macintosh; Intel Mac OS X 10_15_7) AppleWebKit/537.36 (KHTML, like Gecko) Chrome/119.0.0.0 Safari/537.36"
172.23.0.1 - - [07/Dec/2023:12:46:45 +0000] "OPTIONS /api/accounts HTTP/1.1" 204 440 "http://localhost:8080/" "Mozilla/5.0 (Macintosh; Intel Mac OS X 10_15_7) AppleWebKit/537.36 (KHTML, like Gecko) Chrome/119.0.0.0 Safari/537.36"
172.23.0.1 - - [07/Dec/2023:12:46:45 +0000] "OPTIONS /api/model/7 HTTP/1.1" 204 440 "http://localhost:8080/" "Mozilla/5.0 (Macintosh; Intel Mac OS X 10_15_7) AppleWebKit/537.36 (KHTML, like Gecko) Chrome/119.0.0.0 Safari/537.36"
172.23.0.1 - - [07/Dec/2023:12:46:45 +0000] "OPTIONS /api/paymentstype HTTP/1.1" 204 440 "http://localhost:8080/" "Mozilla/5.0 (Macintosh; Intel Mac OS X 10_15_7) AppleWebKit/537.36 (KHTML, like Gecko) Chrome/119.0.0.0 Safari/537.36"
172.23.0.1 - - [07/Dec/2023:12:46:45 +0000] "OPTIONS /api/currencies HTTP/1.1" 204 440 "http://localhost:8080/" "Mozilla/5.0 (Macintosh; Intel Mac OS X 10_15_7) AppleWebKit/537.36 (KHTML, like Gecko) Chrome/119.0.0.0 Safari/537.36"
172.23.0.1 - - [07/Dec/2023:12:46:45 +0000] "OPTIONS /api/categories HTTP/1.1" 204 447 "http://localhost:8080/" "Mozilla/5.0 (Macintosh; Intel Mac OS X 10_15_7) AppleWebKit/537.36 (KHTML, like Gecko) Chrome/119.0.0.0 Safari/537.36"
172.23.0.1 - - [07/Dec/2023:12:46:45 +0000] "OPTIONS /api/labels HTTP/1.1" 204 440 "http://localhost:8080/" "Mozilla/5.0 (Macintosh; Intel Mac OS X 10_15_7) AppleWebKit/537.36 (KHTML, like Gecko) Chrome/119.0.0.0 Safari/537.36"
172.23.0.1 - - [07/Dec/2023:12:46:46 +0000] "OPTIONS /api/currencies HTTP/1.1" 204 440 "http://localhost:8080/" "Mozilla/5.0 (Macintosh; Intel Mac OS X 10_15_7) AppleWebKit/537.36 (KHTML, like Gecko) Chrome/119.0.0.0 Safari/537.36"
172.23.0.1 - - [07/Dec/2023:12:46:46 +0000] "OPTIONS /api/accounts/7 HTTP/1.1" 204 440 "http://localhost:8080/" "Mozilla/5.0 (Macintosh; Intel Mac OS X 10_15_7) AppleWebKit/537.36 (KHTML, like Gecko) Chrome/119.0.0.0 Safari/537.36"
172.23.0.1 - - [07/Dec/2023:12:46:46 +0000] "GET /api/accounts HTTP/1.1" 200 3438 "http://localhost:8080/" "Mozilla/5.0 (Macintosh; Intel Mac OS X 10_15_7) AppleWebKit/537.36 (KHTML, like Gecko) Chrome/119.0.0.0 Safari/537.36"
172.23.0.1 - - [07/Dec/2023:12:46:46 +0000] "GET /api/paymentstype HTTP/1.1" 200 993 "http://localhost:8080/" "Mozilla/5.0 (Macintosh; Intel Mac OS X 10_15_7) AppleWebKit/537.36 (KHTML, like Gecko) Chrome/119.0.0.0 Safari/537.36"
172.23.0.1 - - [07/Dec/2023:12:46:46 +0000] "GET /api/currencies HTTP/1.1" 200 3306 "http://localhost:8080/" "Mozilla/5.0 (Macintosh; Intel Mac OS X 10_15_7) AppleWebKit/537.36 (KHTML, like Gecko) Chrome/119.0.0.0 Safari/537.36"
172.23.0.1 - - [07/Dec/2023:12:46:46 +0000] "GET /api/model/7 HTTP/1.1" 200 890 "http://localhost:8080/" "Mozilla/5.0 (Macintosh; Intel Mac OS X 10_15_7) AppleWebKit/537.36 (KHTML, like Gecko) Chrome/119.0.0.0 Safari/537.36"
172.23.0.1 - - [07/Dec/2023:12:46:46 +0000] "GET /api/labels HTTP/1.1" 200 2996 "http://localhost:8080/" "Mozilla/5.0 (Macintosh; Intel Mac OS X 10_15_7) AppleWebKit/537.36 (KHTML, like Gecko) Chrome/119.0.0.0 Safari/537.36"
172.23.0.1 - - [07/Dec/2023:12:46:46 +0000] "GET /api/categories HTTP/1.1" 200 13671 "http://localhost:8080/" "Mozilla/5.0 (Macintosh; Intel Mac OS X 10_15_7) AppleWebKit/537.36 (KHTML, like Gecko) Chrome/119.0.0.0 Safari/537.36"
172.23.0.1 - - [07/Dec/2023:12:46:46 +0000] "GET /api/currencies HTTP/1.1" 200 3305 "http://localhost:8080/" "Mozilla/5.0 (Macintosh; Intel Mac OS X 10_15_7) AppleWebKit/537.36 (KHTML, like Gecko) Chrome/119.0.0.0 Safari/537.36"
172.23.0.1 - - [07/Dec/2023:12:46:46 +0000] "GET /api/accounts/7 HTTP/1.1" 200 711 "http://localhost:8080/" "Mozilla/5.0 (Macintosh; Intel Mac OS X 10_15_7) AppleWebKit/537.36 (KHTML, like Gecko) Chrome/119.0.0.0 Safari/537.36"
172.23.0.1 - - [07/Dec/2023:12:46:51 +0000] "OPTIONS /api/model HTTP/1.1" 204 440 "http://localhost:8080/" "Mozilla/5.0 (Macintosh; Intel Mac OS X 10_15_7) AppleWebKit/537.36 (KHTML, like Gecko) Chrome/119.0.0.0 Safari/537.36"
172.23.0.1 - - [07/Dec/2023:12:46:51 +0000] "GET /api/model HTTP/1.1" 200 4810 "http://localhost:8080/" "Mozilla/5.0 (Macintosh; Intel Mac OS X 10_15_7) AppleWebKit/537.36 (KHTML, like Gecko) Chrome/119.0.0.0 Safari/537.36"
127.0.0.1 - - [07/Dec/2023:12:46:59 +0000] "OPTIONS * HTTP/1.0" 200 126 "-" "Apache/2.4.54 (Debian) PHP/8.2.4RC1 (internal dummy connection)"
172.23.0.1 - - [07/Dec/2023:12:48:35 +0000] "OPTIONS /api/model HTTP/1.1" 204 440 "http://localhost:8080/" "Mozilla/5.0 (Macintosh; Intel Mac OS X 10_15_7) AppleWebKit/537.36 (KHTML, like Gecko) Chrome/119.0.0.0 Safari/537.36"
172.23.0.1 - - [07/Dec/2023:12:48:36 +0000] "GET /api/model HTTP/1.1" 200 4811 "http://localhost:8080/" "Mozilla/5.0 (Macintosh; Intel Mac OS X 10_15_7) AppleWebKit/537.36 (KHTML, like Gecko) Chrome/119.0.0.0 Safari/537.36"
172.23.0.1 - - [07/Dec/2023:12:49:00 +0000] "OPTIONS /api/model HTTP/1.1" 204 440 "http://localhost:8080/" "Mozilla/5.0 (Macintosh; Intel Mac OS X 10_15_7) AppleWebKit/537.36 (KHTML, like Gecko) Chrome/119.0.0.0 Safari/537.36"
172.23.0.1 - - [07/Dec/2023:12:49:01 +0000] "GET /api/model HTTP/1.1" 200 4811 "http://localhost:8080/" "Mozilla/5.0 (Macintosh; Intel Mac OS X 10_15_7) AppleWebKit/537.36 (KHTML, like Gecko) Chrome/119.0.0.0 Safari/537.36"
172.23.0.1 - - [07/Dec/2023:12:49:46 +0000] "OPTIONS /api/model HTTP/1.1" 204 440 "http://localhost:8080/" "Mozilla/5.0 (Macintosh; Intel Mac OS X 10_15_7) AppleWebKit/537.36 (KHTML, like Gecko) Chrome/119.0.0.0 Safari/537.36"
172.23.0.1 - - [07/Dec/2023:12:49:46 +0000] "OPTIONS /auth/check HTTP/1.1" 204 440 "http://localhost:8080/" "Mozilla/5.0 (Macintosh; Intel Mac OS X 10_15_7) AppleWebKit/537.36 (KHTML, like Gecko) Chrome/119.0.0.0 Safari/537.36"
172.23.0.1 - - [07/Dec/2023:12:49:47 +0000] "GET /auth/check HTTP/1.1" 200 480 "http://localhost:8080/" "Mozilla/5.0 (Macintosh; Intel Mac OS X 10_15_7) AppleWebKit/537.36 (KHTML, like Gecko) Chrome/119.0.0.0 Safari/537.36"
172.23.0.1 - - [07/Dec/2023:12:49:47 +0000] "GET /api/model HTTP/1.1" 500 12715 "http://localhost:8080/" "Mozilla/5.0 (Macintosh; Intel Mac OS X 10_15_7) AppleWebKit/537.36 (KHTML, like Gecko) Chrome/119.0.0.0 Safari/537.36"
